#-----------------------------------------------------------
# Vivado v2016.2 (64-bit)
# SW Build 1577090 on Thu Jun  2 16:32:40 MDT 2016
# IP Build 1577682 on Fri Jun  3 12:00:54 MDT 2016
# Start of session at: Sun May 02 19:12:42 2021
# Process ID: 5916
# Current directory: C:/Users/Kendrick/Desktop/CECS 361/Final Project/CECS361FinalProject
# Command line: vivado.exe -gui_launcher_event rodinguilauncherevent10104 C:\Users\Kendrick\Desktop\CECS 361\Final Project\CECS361FinalProject\CECS361FinalProject.xpr
# Log file: C:/Users/Kendrick/Desktop/CECS 361/Final Project/CECS361FinalProject/vivado.log
# Journal file: C:/Users/Kendrick/Desktop/CECS 361/Final Project/CECS361FinalProject\vivado.jou
#-----------------------------------------------------------
start_gui
open_project {C:/Users/Kendrick/Desktop/CECS 361/Final Project/CECS361FinalProject/CECS361FinalProject.xpr}
update_compile_order -fileset sources_1
reset_run impl_1 -prev_step 
launch_runs impl_1 -to_step write_bitstream
wait_on_run impl_1
launch_runs impl_1 -to_step write_bitstream
reset_run synth_1
launch_runs synth_1
wait_on_run synth_1
launch_runs impl_1
wait_on_run impl_1
launch_runs impl_1 -to_step write_bitstream
wait_on_run impl_1
open_hw
connect_hw_server
open_hw_target
disconnect_hw_server localhost:3121
connect_hw_server
open_hw_target
disconnect_hw_server localhost:3121
connect_hw_server
open_hw_target
refresh_hw_device [lindex [get_hw_devices] 0]
set_property PROBES.FILE {} [lindex [get_hw_devices] 0]
set_property PROGRAM.FILE {C:/Users/Kendrick/Desktop/CECS 361/Final Project/CECS361FinalProject/CECS361FinalProject.runs/impl_1/Top.bit} [lindex [get_hw_devices] 0]
program_hw_devices [lindex [get_hw_devices] 0]
refresh_hw_device [lindex [get_hw_devices] 0]
close_hw
reset_run synth_1
launch_runs synth_1
wait_on_run synth_1
launch_runs impl_1
wait_on_run impl_1
reset_run synth_1
launch_runs synth_1
wait_on_run synth_1
launch_runs impl_1
wait_on_run impl_1
launch_runs impl_1 -to_step write_bitstream
wait_on_run impl_1
open_hw
connect_hw_server
open_hw_target
set_property PROGRAM.FILE {C:/Users/Kendrick/Desktop/CECS 361/Final Project/CECS361FinalProject/CECS361FinalProject.runs/impl_1/Top.bit} [lindex [get_hw_devices] 0]
current_hw_device [lindex [get_hw_devices] 0]
refresh_hw_device -update_hw_probes false [lindex [get_hw_devices] 0]
set_property PROBES.FILE {} [lindex [get_hw_devices] 0]
set_property PROGRAM.FILE {C:/Users/Kendrick/Desktop/CECS 361/Final Project/CECS361FinalProject/CECS361FinalProject.runs/impl_1/Top.bit} [lindex [get_hw_devices] 0]
program_hw_devices [lindex [get_hw_devices] 0]
refresh_hw_device [lindex [get_hw_devices] 0]
close_hw
launch_simulation
launch_simulation
launch_simulation
source top_tb.tcl
run 100000ns
close_sim
launch_simulation
source top_tb.tcl
run 10000ns
close_sim
launch_simulation
source top_tb.tcl
run 10000ns
close_sim
launch_simulation
source top_tb.tcl
run 10000ns
close_sim
launch_simulation
source top_tb.tcl
close_sim
launch_simulation
source top_tb.tcl
run 10000ns
close_sim
launch_simulation
source top_tb.tcl
run 10000ns
close_sim
launch_simulation
source top_tb.tcl
run 10000ns
close_sim
launch_simulation
launch_simulation
source top_tb.tcl
close_sim
launch_simulation
launch_simulation
launch_simulation
launch_simulation
launch_simulation
source top_tb.tcl
run 10000ns
close_sim
launch_simulation
launch_simulation
launch_simulation
launch_simulation
source top_tb.tcl
run 10000ns
close_sim
launch_simulation
launch_simulation
source top_tb.tcl
run 10000ns
close_sim
launch_simulation
source top_tb.tcl
close_sim
launch_simulation
source top_tb.tcl
run 10000ns
run 10000ns
run 2000ns
close_sim
launch_simulation
source top_tb.tcl
close_sim
launch_simulation
source top_tb.tcl
close_sim
